Info: Start Nativelink Simulation process
executing command line: ip-make-simscript --nativelink-mode --output-directory=RV_FPGA_PLC_Potato_iputf_input --spd=/home/hossameldin/Documents/RV_FPGA_PLC_Project/Try_Only_Core/FPGA/RV_FPGA_PLC_Potato/vhdl/clock_generator.spd 

========= EDA Simulation Settings =====================

Sim Mode              :  RTL
Family                :  cyclonev
Quartus root          :  /home/hossameldin/intelFPGA_lite/18.0/quartus/linux64/
Quartus sim root      :  /home/hossameldin/intelFPGA_lite/18.0/quartus/eda/sim_lib
Simulation Tool       :  modelsim-altera
Simulation Language   :  vhdl
Version               :  93
Simulation Mode       :  GUI
Sim Output File       :  
Sim SDF file          :  
Sim dir               :  simulation/modelsim

=======================================================

Info: Starting NativeLink simulation with ModelSim-Altera software
Sourced NativeLink script /home/hossameldin/intelFPGA_lite/18.0/quartus/common/tcl/internal/nativelink/modelsim.tcl
Warning: File RV_FPGA_PLC_Potato_run_msim_rtl_vhdl.do already exists - backing up current file as RV_FPGA_PLC_Potato_run_msim_rtl_vhdl.do.bak11
Info: Spawning ModelSim-Altera Simulation software 
Info: NativeLink simulation flow was successful
