
Discarded input sections

 .text          0x0000000000000000        0x0 main.o
 .data          0x0000000000000000        0x0 main.o
 .bss           0x0000000000000000        0x0 main.o
 .comment       0x0000000000000000       0x12 main.o
 .text          0x0000000000000000        0x0 start.o
 .data          0x0000000000000000        0x0 start.o
 .bss           0x0000000000000000        0x0 start.o

Memory Configuration

Name             Origin             Length             Attributes
RAM              0x0000000000000000 0x0000000000020000 xrw
AEE_ROM          0x00000000ffff8000 0x0000000000004000 xr
AEE_RAM          0x00000000ffffc000 0x0000000000004000 rw
*default*        0x0000000000000000 0xffffffffffffffff

Linker script and memory map


.text           0x00000000ffff8000      0x288
 *(.init)
 .init          0x00000000ffff8000      0x188 start.o
                0x00000000ffff8000                _start
                0x00000000ffff8074                _machine_exception_handler
 *(.text*)
 .text.exception_handler
                0x00000000ffff8188        0x8 main.o
                0x00000000ffff8188                exception_handler
 .text.startup.main
                0x00000000ffff8190       0xf8 main.o
                0x00000000ffff8190                main
                0x00000000ffff8288                __text_end = .
 *(.rodata*)

.rela.dyn       0x00000000ffff8288        0x0
 .rela.init     0x00000000ffff8288        0x0 main.o

.data           0x00000000ffffc000        0x0 load address 0x00000000ffff8288
                0x00000000ffffc000                __data_begin = .
 *(.data*)
 *(.eh_frame*)
                0x00000000ffffc000                __data_end = ALIGN (0x4)

.bss            0x00000000ffffc000        0x0
                0x00000000ffffc000                __bss_begin = .
 *(.bss*)
 *(.sbss)
                0x00000000ffffc000                __bss_end = ALIGN (0x4)
                0x0000000000000000                __stack_top = 0x0

/DISCARD/
 *(.comment)
LOAD main.o
LOAD start.o
LOAD /opt/riscv/lib/gcc/riscv32-unknown-elf/8.2.0/libgcc.a
START GROUP
LOAD /opt/riscv/lib/gcc/riscv32-unknown-elf/8.2.0/../../../../riscv32-unknown-elf/lib/libc.a
END GROUP
LOAD /opt/riscv/lib/gcc/riscv32-unknown-elf/8.2.0/libgcc.a
START GROUP
LOAD /opt/riscv/lib/gcc/riscv32-unknown-elf/8.2.0/libgcc.a
LOAD /opt/riscv/lib/gcc/riscv32-unknown-elf/8.2.0/../../../../riscv32-unknown-elf/lib/libc.a
LOAD /opt/riscv/lib/gcc/riscv32-unknown-elf/8.2.0/../../../../riscv32-unknown-elf/lib/libnosys.a
END GROUP
OUTPUT(timer_test.elf elf32-littleriscv)
