Archive member included to satisfy reference by file (symbol)

/opt/riscv/lib/gcc/riscv32-unknown-elf/8.2.0/libgcc.a(div.o)
                              main.o (__divsi3)

Discarded input sections

 .text          0x0000000000000000        0x0 main.o
 .data          0x0000000000000000        0x0 main.o
 .bss           0x0000000000000000        0x0 main.o
 .comment       0x0000000000000000       0x12 main.o
 .text          0x0000000000000000        0x0 start.o
 .data          0x0000000000000000        0x0 start.o
 .bss           0x0000000000000000        0x0 start.o
 .data          0x0000000000000000        0x0 /opt/riscv/lib/gcc/riscv32-unknown-elf/8.2.0/libgcc.a(div.o)
 .bss           0x0000000000000000        0x0 /opt/riscv/lib/gcc/riscv32-unknown-elf/8.2.0/libgcc.a(div.o)

Memory Configuration

Name             Origin             Length             Attributes
RAM              0x0000000000000000 0x0000000000020000 xrw
AEE_ROM          0x00000000ffff8000 0x0000000000004000 xr
AEE_RAM          0x00000000ffffc000 0x0000000000004000 rw
*default*        0x0000000000000000 0xffffffffffffffff

Linker script and memory map


.text           0x00000000ffff8000      0x3b8
 *(.init)
 .init          0x00000000ffff8000      0x188 start.o
                0x00000000ffff8000                _start
                0x00000000ffff8074                _machine_exception_handler
 *(.text*)
 .text.uart_tx_string.constprop.6
                0x00000000ffff8188       0x2c main.o
 .text.exception_handler
                0x00000000ffff81b4       0x20 main.o
                0x00000000ffff81b4                exception_handler
 .text.startup.main
                0x00000000ffff81d4      0x110 main.o
                0x00000000ffff81d4                main
 .text          0x00000000ffff82e4       0xb4 /opt/riscv/lib/gcc/riscv32-unknown-elf/8.2.0/libgcc.a(div.o)
                0x00000000ffff82e4                __divsi3
                0x00000000ffff82ec                __udivsi3
                0x00000000ffff8334                __umodsi3
                0x00000000ffff8368                __modsi3
                0x00000000ffff8398                __text_end = .
 *(.rodata*)
 .rodata.main.str1.4
                0x00000000ffff8398       0x20 main.o
                                         0x1f (size before relaxing)

.rela.dyn       0x00000000ffff83b8        0x0
 .rela.init     0x00000000ffff83b8        0x0 main.o

.data           0x00000000ffffc000        0x0 load address 0x00000000ffff83b8
                0x00000000ffffc000                __data_begin = .
 *(.data*)
 *(.eh_frame*)
                0x00000000ffffc000                __data_end = ALIGN (0x4)

.bss            0x00000000ffffc000        0x0
                0x00000000ffffc000                __bss_begin = .
 *(.bss*)
 *(.sbss)
                0x00000000ffffc000                __bss_end = ALIGN (0x4)
                0x0000000000000000                __stack_top = 0x0

.sbss.uart0     0x00000000ffffc000        0x4
 .sbss.uart0    0x00000000ffffc000        0x4 main.o

/DISCARD/
 *(.comment)
LOAD main.o
LOAD start.o
LOAD /opt/riscv/lib/gcc/riscv32-unknown-elf/8.2.0/libgcc.a
START GROUP
LOAD /opt/riscv/lib/gcc/riscv32-unknown-elf/8.2.0/../../../../riscv32-unknown-elf/lib/libc.a
END GROUP
LOAD /opt/riscv/lib/gcc/riscv32-unknown-elf/8.2.0/libgcc.a
START GROUP
LOAD /opt/riscv/lib/gcc/riscv32-unknown-elf/8.2.0/libgcc.a
LOAD /opt/riscv/lib/gcc/riscv32-unknown-elf/8.2.0/../../../../riscv32-unknown-elf/lib/libc.a
LOAD /opt/riscv/lib/gcc/riscv32-unknown-elf/8.2.0/../../../../riscv32-unknown-elf/lib/libnosys.a
END GROUP
OUTPUT(boot_and_test_hardware.elf elf32-littleriscv)

.debug_line     0x0000000000000000      0x168
 .debug_line    0x0000000000000000      0x168 /opt/riscv/lib/gcc/riscv32-unknown-elf/8.2.0/libgcc.a(div.o)

.debug_info     0x0000000000000000       0x26
 .debug_info    0x0000000000000000       0x26 /opt/riscv/lib/gcc/riscv32-unknown-elf/8.2.0/libgcc.a(div.o)

.debug_abbrev   0x0000000000000000       0x14
 .debug_abbrev  0x0000000000000000       0x14 /opt/riscv/lib/gcc/riscv32-unknown-elf/8.2.0/libgcc.a(div.o)

.debug_aranges  0x0000000000000000       0x20
 .debug_aranges
                0x0000000000000000       0x20 /opt/riscv/lib/gcc/riscv32-unknown-elf/8.2.0/libgcc.a(div.o)

.debug_str      0x0000000000000000       0xa6
 .debug_str     0x0000000000000000       0xa6 /opt/riscv/lib/gcc/riscv32-unknown-elf/8.2.0/libgcc.a(div.o)
